<?xml version="1.0" encoding="utf-8"?><testsuites><testsuite name="pytest" errors="0" failures="0" skipped="0" tests="24" time="2.213" timestamp="2022-03-30T12:12:36.031858" hostname="lota-HP-Laptop"><testcase classname="tests.test_auth" name="test_register" time="0.158" /><testcase classname="tests.test_auth" name="test_register_validate_input[--Username is required.]" time="0.058" /><testcase classname="tests.test_auth" name="test_register_validate_input[a--Password is required.]" time="0.075" /><testcase classname="tests.test_auth" name="test_register_validate_input[test-test-already registered]" time="0.166" /><testcase classname="tests.test_auth" name="test_login" time="0.090" /><testcase classname="tests.test_auth" name="test_login_validate_input[a-test-Incorrect username.]" time="0.052" /><testcase classname="tests.test_auth" name="test_login_validate_input[test-a-Incorrect password.]" time="0.112" /><testcase classname="tests.test_auth" name="test_logout" time="0.080" /><testcase classname="tests.test_blog" name="test_index" time="0.117" /><testcase classname="tests.test_blog" name="test_login_required[/create]" time="0.054" /><testcase classname="tests.test_blog" name="test_login_required[/1/update]" time="0.071" /><testcase classname="tests.test_blog" name="test_login_required[/1/delete]" time="0.069" /><testcase classname="tests.test_blog" name="test_author_required" time="0.144" /><testcase classname="tests.test_blog" name="test_exists_required[/2/update]" time="0.099" /><testcase classname="tests.test_blog" name="test_exists_required[/2/delete]" time="0.111" /><testcase classname="tests.test_blog" name="test_create" time="0.125" /><testcase classname="tests.test_blog" name="test_update" time="0.140" /><testcase classname="tests.test_blog" name="test_create_update_validate[/create]" time="0.084" /><testcase classname="tests.test_blog" name="test_create_update_validate[/1/update]" time="0.096" /><testcase classname="tests.test_blog" name="test_delete" time="0.094" /><testcase classname="tests.test_db" name="test_get_close_db" time="0.046" /><testcase classname="tests.test_db" name="test_init_db_command" time="0.051" /><testcase classname="tests.test_factory" name="test_config" time="0.010" /><testcase classname="tests.test_factory" name="test_hello" time="0.056" /></testsuite></testsuites>